// Jest Snapshot v1, https://goo.gl/fbAQLP

exports[`<Landing /> should render properly 1`] = `
<div
  className="mainBackground"
>
  <Navigation
    pathname="path"
  />
  <_class
    options={Object {}}
  />
  <h1
    className="Welcome"
  >
    Welcome to yummy recipes
  </h1>
  <div
    className="introText"
  >
    <h2>
       Inside yummy recipes you are able to do the following 
    </h2>
    <ul>
      <li>
        Coffee
      </li>
      <li>
        Tea
      </li>
      <li>
        Milk
      </li>
    </ul>
  </div>
</div>
`;
