// Jest Snapshot v1, https://goo.gl/fbAQLP

exports[`Login component renders properly without crashing 1`] = `
<div
  className="logBackground"
>
  <_class
    options={Object {}}
  />
  <div
    className="wrapper"
  >
    <Form
      as="form"
      className="form-signin"
      onSubmit={[Function]}
    >
      <h2
        className="form-signin-heading"
      >
        Login Form
      </h2>
      <FormInput
        as={[Function]}
        autoFocus={true}
        className="nameField"
        control={[Function]}
        name="username"
        onChange={[Function]}
        placeholder="Enter username"
        type="username"
      />
      <FormInput
        as={[Function]}
        autoFocus={true}
        className="passwordField"
        control={[Function]}
        name="password"
        onChange={[Function]}
        placeholder="Enter password"
        type="password"
      />
      <Button
        as="button"
        className="left floated"
        color="blue"
        id="btn1"
        size="large"
        type="submit"
        value="submit"
      >
        Login
      </Button>
      <Button
        action="/login"
        as={[Function]}
        className="right floated"
        color="green"
        id="btn"
        size="large"
        to="/"
      >
        Register
      </Button>
      <br />
    </Form>
  </div>
</div>
`;

exports[`Login component should login a user 1`] = `
<div
  className="logBackground"
>
  <_class
    options={Object {}}
  />
  <div
    className="wrapper"
  >
    <Form
      as="form"
      className="form-signin"
      onSubmit={[Function]}
    >
      <h2
        className="form-signin-heading"
      >
        Login Form
      </h2>
      <FormInput
        as={[Function]}
        autoFocus={true}
        className="nameField"
        control={[Function]}
        name="username"
        onChange={[Function]}
        placeholder="Enter username"
        type="username"
      />
      <FormInput
        as={[Function]}
        autoFocus={true}
        className="passwordField"
        control={[Function]}
        name="password"
        onChange={[Function]}
        placeholder="Enter password"
        type="password"
      />
      <Button
        as="button"
        className="left floated"
        color="blue"
        id="btn1"
        size="large"
        type="submit"
        value="submit"
      >
        Login
      </Button>
      <Button
        action="/login"
        as={[Function]}
        className="right floated"
        color="green"
        id="btn"
        size="large"
        to="/"
      >
        Register
      </Button>
      <br />
    </Form>
  </div>
</div>
`;
