// Jest Snapshot v1, https://goo.gl/fbAQLP

exports[`Viewcategories component renders properly without crashing 1`] = `
<div
  className="mainBackground"
>
  <Navigation
    pathname="path"
  />
  <_class
    options={Object {}}
  />
  <ModalEditCat
    closeIcon={true}
    closeModal={[Function]}
    desc=""
    handleChange={[Function]}
    handleEdit={[Function]}
    name=""
    showModal={false}
  />
  <ModalCreateRecipe
    category_name=""
    closeIcon={true}
    closeModal1={[Function]}
    handleChange={[Function]}
    handleCreate={[Function]}
    redirectRecipes={[Function]}
    showModal1={false}
  />
  <br />
  <div>
    <h1>
      No Categories exist, please create some
    </h1>
    <Button
      as="button"
    >
      CreateCategory
    </Button>
  </div>
</div>
`;
