// Jest Snapshot v1, https://goo.gl/fbAQLP

exports[`Viewcategories component renders properly without crashing 1`] = `
<div
  className="mainBackground"
>
  <Navigation
    pathname="path"
  />
  <_class
    options={Object {}}
  />
  <ModalEditCat
    closeIcon={true}
    closeModal={[Function]}
    desc=""
    getCategories={[Function]}
    handleChange={[Function]}
    handleEdit={[Function]}
    name=""
    showModal={false}
  />
  <ModalCreateRecipe
    category_name=""
    closeIcon={true}
    closeModal1={[Function]}
    handleChange={[Function]}
    handleCreate={[Function]}
    redirectRecipes={[Function]}
    showModal1={false}
  />
  <br />
  <div>
    <h1>
      No Categories exist, please create some
    </h1>
    <Grid
      columns="equal"
    >
      <GridColumn
        width={7}
      />
      <GridColumn
        width={8}
      >
        <Button
          as={[Function]}
          id="creator"
          to="/catCreate"
        >
          Create a Category
        </Button>
      </GridColumn>
      <GridColumn />
    </Grid>
  </div>
</div>
`;
