// Jest Snapshot v1, https://goo.gl/fbAQLP

exports[`ViewRecipes component renders properly without crashing 1`] = `
<div
  className="mainBackground"
>
  <Navigation
    pathname="path"
  />
  <_class
    options={Object {}}
  />
  <ModalEditRec
    closeModal={[Function]}
    contain=""
    handleChange={[Function]}
    handleEdit={[Function]}
    name=""
    recId=""
    showModal={false}
  />
  <ModalCreateRecipe
    closeIcon={true}
    closeModal1={[Function]}
    handleChange={[Function]}
    handleCreate={[Function]}
    showModal1={false}
  />
  <br />
  <div>
    <h1>
       This User has no Recipes, do create some
    </h1>
    <Grid
      columns="equal"
    >
      <GridColumn
        width={7}
      />
      <GridColumn
        width={8}
      >
        <Button
          as="button"
          color="green"
          id="creator"
          onClick={[Function]}
        >
          Create a Recipe
        </Button>
      </GridColumn>
      <GridColumn />
    </Grid>
  </div>
</div>
`;
